accelerator device: cuda
import network module: networks.lora
prepare optimizer, data loader etc.
override steps. steps for 6 epochs is / 指定エポックまでのステップ数: 696
running training / 学習開始
  num train images * repeats / 学習画像の数×繰り返し回数: 116
  num validation images * repeats / 学習画像の数×繰り返し回数: 0
  num reg images / 正則化画像の数: 0
  num batches per epoch / 1epochのバッチ数: 116
  num epochs / epoch数: 6
  batch size per device / バッチサイズ: 1
  gradient accumulation steps / 勾配を合計するステップ数 = 1
  total optimization steps / 学習ステップ数: 696

epoch 1/6


saving checkpoint: C:/LoraTraining/outputs/geometric_patterns/jindi_v3\ICH_jindi_pattern_lora_v3-000001.safetensors

epoch 2/6


saving checkpoint: C:/LoraTraining/outputs/geometric_patterns/jindi_v3\ICH_jindi_pattern_lora_v3-000002.safetensors

epoch 3/6


saving checkpoint: C:/LoraTraining/outputs/geometric_patterns/jindi_v3\ICH_jindi_pattern_lora_v3-000003.safetensors

epoch 4/6


saving checkpoint: C:/LoraTraining/outputs/geometric_patterns/jindi_v3\ICH_jindi_pattern_lora_v3-000004.safetensors

epoch 5/6


saving checkpoint: C:/LoraTraining/outputs/geometric_patterns/jindi_v3\ICH_jindi_pattern_lora_v3-000005.safetensors

epoch 6/6


saving checkpoint: C:/LoraTraining/outputs/geometric_patterns/jindi_v3\ICH_jindi_pattern_lora_v3.safetensors
